
--- TEST USER 1 (fast-lose) ---
node.exe : RUNALLPHASES ERROR: ReferenceError: require is not defined
At D:\npx.ps1:29 char:3
+   & $NODE_EXE $NPX_CLI_JS $args
+   ~~~~~~~~~~~~~~~~~~~~~~~~~~~~~
    + CategoryInfo          : NotSpecified: (RUNALLPHASES ER... is not defined:String) [], 
RemoteException
    + FullyQualifiedErrorId : NativeCommandError
 
    at <anonymous> (C:\Users\wikto\Desktop\gemini projects\Macros100\server\src\nutrition.ts:132:25)
    at new Promise (<anonymous>)
    at runPhase (C:\Users\wikto\Desktop\gemini projects\Macros100\server\src\nutrition.ts:122:18)
    at runAllPhases (C:\Users\wikto\Desktop\gemini projects\Macros100\server\src\nutrition.ts:297:33)
    at generateDietAsync (C:\Users\wikto\Desktop\gemini projects\Macros100\server\src\nutrition.ts:307:3)
    at <anonymous> (C:\Users\wikto\Desktop\gemini projects\Macros100\server\src\test_users.ts:32:13)
    at new Promise (<anonymous>)
    at runTests (C:\Users\wikto\Desktop\gemini projects\Macros100\server\src\test_users.ts:30:15)
    at <anonymous> (C:\Users\wikto\Desktop\gemini projects\Macros100\server\src\test_users.ts:44:1)
    at ModuleJob.run (node:internal/modules/esm/module_job:271:25)
FAILED: ReferenceError: require is not defined | {"done":true,"result":null,"error":"ReferenceError: require is not defined"}

--- TEST USER 2 (moderate-lose) ---
RUNALLPHASES ERROR: ReferenceError: require is not defined
    at <anonymous> (C:\Users\wikto\Desktop\gemini projects\Macros100\server\src\nutrition.ts:132:25)
    at new Promise (<anonymous>)
    at runPhase (C:\Users\wikto\Desktop\gemini projects\Macros100\server\src\nutrition.ts:122:18)
    at runAllPhases (C:\Users\wikto\Desktop\gemini projects\Macros100\server\src\nutrition.ts:297:33)
    at generateDietAsync (C:\Users\wikto\Desktop\gemini projects\Macros100\server\src\nutrition.ts:307:3)
    at <anonymous> (C:\Users\wikto\Desktop\gemini projects\Macros100\server\src\test_users.ts:32:13)
    at new Promise (<anonymous>)
    at runTests (C:\Users\wikto\Desktop\gemini projects\Macros100\server\src\test_users.ts:30:15)
FAILED: ReferenceError: require is not defined | {"done":true,"result":null,"error":"ReferenceError: require is not defined"}

--- TEST USER 3 (moderate-gain) ---
RUNALLPHASES ERROR: ReferenceError: require is not defined
    at <anonymous> (C:\Users\wikto\Desktop\gemini projects\Macros100\server\src\nutrition.ts:132:25)
    at new Promise (<anonymous>)
    at runPhase (C:\Users\wikto\Desktop\gemini projects\Macros100\server\src\nutrition.ts:122:18)
    at runAllPhases (C:\Users\wikto\Desktop\gemini projects\Macros100\server\src\nutrition.ts:297:33)
    at generateDietAsync (C:\Users\wikto\Desktop\gemini projects\Macros100\server\src\nutrition.ts:307:3)
    at <anonymous> (C:\Users\wikto\Desktop\gemini projects\Macros100\server\src\test_users.ts:32:13)
    at new Promise (<anonymous>)
    at runTests (C:\Users\wikto\Desktop\gemini projects\Macros100\server\src\test_users.ts:30:15)
FAILED: ReferenceError: require is not defined | {"done":true,"result":null,"error":"ReferenceError: require is not defined"}

--- TEST USER 4 (fast-gain) ---
RUNALLPHASES ERROR: ReferenceError: require is not defined
    at <anonymous> (C:\Users\wikto\Desktop\gemini projects\Macros100\server\src\nutrition.ts:132:25)
    at new Promise (<anonymous>)
    at runPhase (C:\Users\wikto\Desktop\gemini projects\Macros100\server\src\nutrition.ts:122:18)
    at runAllPhases (C:\Users\wikto\Desktop\gemini projects\Macros100\server\src\nutrition.ts:297:33)
FAILED: ReferenceError: require is not defined | {"done":true,"result":null,"error":"ReferenceError: require is not defined"}
    at generateDietAsync (C:\Users\wikto\Desktop\gemini projects\Macros100\server\src\nutrition.ts:307:3)
    at <anonymous> (C:\Users\wikto\Desktop\gemini projects\Macros100\server\src\test_users.ts:32:13)
    at new Promise (<anonymous>)

--- TEST USER 5 (moderate-lose) ---
    at runTests (C:\Users\wikto\Desktop\gemini projects\Macros100\server\src\test_users.ts:30:15)
RUNALLPHASES ERROR: ReferenceError: require is not defined
    at <anonymous> (C:\Users\wikto\Desktop\gemini projects\Macros100\server\src\nutrition.ts:132:25)
    at new Promise (<anonymous>)
    at runPhase (C:\Users\wikto\Desktop\gemini projects\Macros100\server\src\nutrition.ts:122:18)
    at runAllPhases (C:\Users\wikto\Desktop\gemini projects\Macros100\server\src\nutrition.ts:297:33)
    at generateDietAsync (C:\Users\wikto\Desktop\gemini projects\Macros100\server\src\nutrition.ts:307:3)
    at <anonymous> (C:\Users\wikto\Desktop\gemini projects\Macros100\server\src\test_users.ts:32:13)
    at new Promise (<anonymous>)
    at runTests (C:\Users\wikto\Desktop\gemini projects\Macros100\server\src\test_users.ts:30:15)
FAILED: ReferenceError: require is not defined | {"done":true,"result":null,"error":"ReferenceError: require is not defined"}

--- TEST USER 6 (moderate-gain) ---
RUNALLPHASES ERROR: ReferenceError: require is not defined
    at <anonymous> (C:\Users\wikto\Desktop\gemini projects\Macros100\server\src\nutrition.ts:132:25)
    at new Promise (<anonymous>)
    at runPhase (C:\Users\wikto\Desktop\gemini projects\Macros100\server\src\nutrition.ts:122:18)
    at runAllPhases (C:\Users\wikto\Desktop\gemini projects\Macros100\server\src\nutrition.ts:297:33)
    at generateDietAsync (C:\Users\wikto\Desktop\gemini projects\Macros100\server\src\nutrition.ts:307:3)
    at <anonymous> (C:\Users\wikto\Desktop\gemini projects\Macros100\server\src\test_users.ts:32:13)
    at new Promise (<anonymous>)
    at runTests (C:\Users\wikto\Desktop\gemini projects\Macros100\server\src\test_users.ts:30:15)
FAILED: ReferenceError: require is not defined | {"done":true,"result":null,"error":"ReferenceError: require is not defined"}

--- TEST USER 7 (fast-lose) ---
FAILED: ReferenceError: require is not defined | {"done":true,"result":null,"error":"ReferenceError: require is not defined"}
RUNALLPHASES ERROR: ReferenceError: require is not defined
    at <anonymous> (C:\Users\wikto\Desktop\gemini projects\Macros100\server\src\nutrition.ts:132:25)
    at new Promise (<anonymous>)
    at runPhase (C:\Users\wikto\Desktop\gemini projects\Macros100\server\src\nutrition.ts:122:18)
    at runAllPhases (C:\Users\wikto\Desktop\gemini projects\Macros100\server\src\nutrition.ts:297:33)
    at generateDietAsync (C:\Users\wikto\Desktop\gemini projects\Macros100\server\src\nutrition.ts:307:3)
    at <anonymous> (C:\Users\wikto\Desktop\gemini projects\Macros100\server\src\test_users.ts:32:13)
    at new Promise (<anonymous>)
    at runTests (C:\Users\wikto\Desktop\gemini projects\Macros100\server\src\test_users.ts:30:15)

--- TEST USER 8 (fast-gain) ---
RUNALLPHASES ERROR: ReferenceError: require is not defined
    at <anonymous> (C:\Users\wikto\Desktop\gemini projects\Macros100\server\src\nutrition.ts:132:25)
    at new Promise (<anonymous>)
    at runPhase (C:\Users\wikto\Desktop\gemini projects\Macros100\server\src\nutrition.ts:122:18)
    at runAllPhases (C:\Users\wikto\Desktop\gemini projects\Macros100\server\src\nutrition.ts:297:33)
    at generateDietAsync (C:\Users\wikto\Desktop\gemini projects\Macros100\server\src\nutrition.ts:307:3)
    at <anonymous> (C:\Users\wikto\Desktop\gemini projects\Macros100\server\src\test_users.ts:32:13)
    at new Promise (<anonymous>)
    at runTests (C:\Users\wikto\Desktop\gemini projects\Macros100\server\src\test_users.ts:30:15)
FAILED: ReferenceError: require is not defined | {"done":true,"result":null,"error":"ReferenceError: require is not defined"}

--- TEST USER 9 (moderate-gain) ---
RUNALLPHASES ERROR: ReferenceError: require is not defined
    at <anonymous> (C:\Users\wikto\Desktop\gemini projects\Macros100\server\src\nutrition.ts:132:25)
    at new Promise (<anonymous>)
    at runPhase (C:\Users\wikto\Desktop\gemini projects\Macros100\server\src\nutrition.ts:122:18)
    at runAllPhases (C:\Users\wikto\Desktop\gemini projects\Macros100\server\src\nutrition.ts:297:33)
    at generateDietAsync (C:\Users\wikto\Desktop\gemini projects\Macros100\server\src\nutrition.ts:307:3)
    at <anonymous> (C:\Users\wikto\Desktop\gemini projects\Macros100\server\src\test_users.ts:32:13)
    at new Promise (<anonymous>)
    at runTests (C:\Users\wikto\Desktop\gemini projects\Macros100\server\src\test_users.ts:30:15)
FAILED: ReferenceError: require is not defined | {"done":true,"result":null,"error":"ReferenceError: require is not defined"}

--- TEST USER 10 (moderate-lose) ---
RUNALLPHASES ERROR: ReferenceError: require is not defined
    at <anonymous> (C:\Users\wikto\Desktop\gemini projects\Macros100\server\src\nutrition.ts:132:25)
    at new Promise (<anonymous>)
    at runPhase (C:\Users\wikto\Desktop\gemini projects\Macros100\server\src\nutrition.ts:122:18)
    at runAllPhases (C:\Users\wikto\Desktop\gemini projects\Macros100\server\src\nutrition.ts:297:33)
    at generateDietAsync (C:\Users\wikto\Desktop\gemini projects\Macros100\server\src\nutrition.ts:307:3)
    at <anonymous> (C:\Users\wikto\Desktop\gemini projects\Macros100\server\src\test_users.ts:32:13)
    at new Promise (<anonymous>)
    at runTests (C:\Users\wikto\Desktop\gemini projects\Macros100\server\src\test_users.ts:30:15)
FAILED: ReferenceError: require is not defined | {"done":true,"result":null,"error":"ReferenceError: require is not defined"}
